2026-10-07 17:47:02,621 | INFO | Scraping pipeline started.
2026-10-07 17:47:02,621 | INFO | Books page 1: https://books.toscrape.com/
2026-10-07 17:47:02,621 | INFO | Fetching page: https://books.toscrape.com/
2026-10-07 17:47:05,239 | INFO | Successfully fetched https://books.toscrape.com/ (status=200)
2026-10-07 17:47:05,789 | INFO | Books page 1: collected 20 records.
2026-10-07 17:47:05,791 | INFO | Books page 2: https://books.toscrape.com/catalogue/page-2.html
2026-10-07 17:47:05,791 | INFO | Fetching page: https://books.toscrape.com/catalogue/page-2.html
2026-10-07 17:47:06,851 | INFO | Successfully fetched https://books.toscrape.com/catalogue/page-2.html (status=200)
2026-10-07 17:47:07,392 | INFO | Books page 2: collected 20 records.
2026-10-07 17:47:07,394 | INFO | Books page 3: https://books.toscrape.com/catalogue/page-3.html
2026-10-07 17:47:07,396 | INFO | Fetching page: https://books.toscrape.com/catalogue/page-3.html
2026-10-07 17:47:08,511 | INFO | Successfully fetched https://books.toscrape.com/catalogue/page-3.html (status=200)
2026-10-07 17:47:09,042 | INFO | Books page 3: collected 20 records.
2026-10-07 17:47:09,043 | INFO | Books page 4: https://books.toscrape.com/catalogue/page-4.html
2026-10-07 17:47:09,043 | INFO | Fetching page: https://books.toscrape.com/catalogue/page-4.html
2026-10-07 17:47:10,154 | INFO | Successfully fetched https://books.toscrape.com/catalogue/page-4.html (status=200)
2026-10-07 17:47:10,706 | INFO | Books page 4: collected 20 records.
2026-10-07 17:47:10,712 | INFO | Books page 5: https://books.toscrape.com/catalogue/page-5.html
2026-10-07 17:47:10,712 | INFO | Fetching page: https://books.toscrape.com/catalogue/page-5.html
2026-10-07 17:47:11,982 | INFO | Successfully fetched https://books.toscrape.com/catalogue/page-5.html (status=200)
2026-10-07 17:47:12,536 | INFO | Books page 5: collected 20 records.
2026-10-07 17:47:12,550 | INFO | Books page 6: https://books.toscrape.com/catalogue/page-6.html
2026-10-07 17:47:12,550 | INFO | Fetching page: https://books.toscrape.com/catalogue/page-6.html
2026-10-07 17:47:13,834 | INFO | Successfully fetched https://books.toscrape.com/catalogue/page-6.html (status=200)
2026-10-07 17:47:14,371 | INFO | Books page 6: collected 20 records.
2026-10-07 17:47:14,379 | INFO | Books page 7: https://books.toscrape.com/catalogue/page-7.html
2026-10-07 17:47:14,379 | INFO | Fetching page: https://books.toscrape.com/catalogue/page-7.html
2026-10-07 17:47:15,882 | INFO | Successfully fetched https://books.toscrape.com/catalogue/page-7.html (status=200)
2026-10-07 17:47:16,433 | INFO | Books page 7: collected 20 records.
2026-10-07 17:47:16,445 | INFO | Books page 8: https://books.toscrape.com/catalogue/page-8.html
2026-10-07 17:47:16,447 | INFO | Fetching page: https://books.toscrape.com/catalogue/page-8.html
2026-10-07 17:47:17,432 | INFO | Successfully fetched https://books.toscrape.com/catalogue/page-8.html (status=200)
2026-10-07 17:47:17,988 | INFO | Books page 8: collected 20 records.
2026-10-07 17:47:17,990 | INFO | Books page 9: https://books.toscrape.com/catalogue/page-9.html
2026-10-07 17:47:17,990 | INFO | Fetching page: https://books.toscrape.com/catalogue/page-9.html
2026-10-07 17:47:18,950 | INFO | Successfully fetched https://books.toscrape.com/catalogue/page-9.html (status=200)
2026-10-07 17:47:19,514 | INFO | Books page 9: collected 20 records.
2026-10-07 17:47:19,523 | INFO | Books page 10: https://books.toscrape.com/catalogue/page-10.html
2026-10-07 17:47:19,523 | INFO | Fetching page: https://books.toscrape.com/catalogue/page-10.html
2026-10-07 17:47:20,681 | INFO | Successfully fetched https://books.toscrape.com/catalogue/page-10.html (status=200)
2026-10-07 17:47:21,255 | INFO | Books page 10: collected 20 records.
2026-10-07 17:47:21,258 | INFO | Books page 11: https://books.toscrape.com/catalogue/page-11.html
2026-10-07 17:47:21,258 | INFO | Fetching page: https://books.toscrape.com/catalogue/page-11.html
2026-10-07 17:47:22,123 | INFO | Successfully fetched https://books.toscrape.com/catalogue/page-11.html (status=200)
2026-10-07 17:47:22,678 | INFO | Books page 11: collected 20 records.
2026-10-07 17:47:22,682 | INFO | Books page 12: https://books.toscrape.com/catalogue/page-12.html
2026-10-07 17:47:22,682 | INFO | Fetching page: https://books.toscrape.com/catalogue/page-12.html
2026-10-07 17:47:23,456 | INFO | Successfully fetched https://books.toscrape.com/catalogue/page-12.html (status=200)
2026-10-07 17:47:24,002 | INFO | Books page 12: collected 20 records.
2026-10-07 17:47:24,006 | INFO | Books page 13: https://books.toscrape.com/catalogue/page-13.html
2026-10-07 17:47:24,006 | INFO | Fetching page: https://books.toscrape.com/catalogue/page-13.html
2026-10-07 17:47:24,780 | INFO | Successfully fetched https://books.toscrape.com/catalogue/page-13.html (status=200)
2026-10-07 17:47:25,320 | INFO | Books page 13: collected 20 records.
2026-10-07 17:47:25,322 | INFO | Books page 14: https://books.toscrape.com/catalogue/page-14.html
2026-10-07 17:47:25,322 | INFO | Fetching page: https://books.toscrape.com/catalogue/page-14.html
2026-10-07 17:47:26,117 | INFO | Successfully fetched https://books.toscrape.com/catalogue/page-14.html (status=200)
2026-10-07 17:47:26,654 | INFO | Books page 14: collected 20 records.
2026-10-07 17:47:26,663 | INFO | Books page 15: https://books.toscrape.com/catalogue/page-15.html
2026-10-07 17:47:26,663 | INFO | Fetching page: https://books.toscrape.com/catalogue/page-15.html
2026-10-07 17:47:27,454 | INFO | Successfully fetched https://books.toscrape.com/catalogue/page-15.html (status=200)
2026-10-07 17:47:27,986 | INFO | Books page 15: collected 20 records.
2026-10-07 17:47:27,998 | INFO | Books page 16: https://books.toscrape.com/catalogue/page-16.html
2026-10-07 17:47:28,000 | INFO | Fetching page: https://books.toscrape.com/catalogue/page-16.html
2026-10-07 17:47:28,990 | INFO | Successfully fetched https://books.toscrape.com/catalogue/page-16.html (status=200)
2026-10-07 17:47:29,516 | INFO | Books page 16: collected 20 records.
2026-10-07 17:47:29,518 | INFO | Books page 17: https://books.toscrape.com/catalogue/page-17.html
2026-10-07 17:47:29,520 | INFO | Fetching page: https://books.toscrape.com/catalogue/page-17.html
2026-10-07 17:47:30,102 | INFO | Successfully fetched https://books.toscrape.com/catalogue/page-17.html (status=200)
2026-10-07 17:47:30,636 | INFO | Books page 17: collected 20 records.
2026-10-07 17:47:30,638 | INFO | Books page 18: https://books.toscrape.com/catalogue/page-18.html
2026-10-07 17:47:30,640 | INFO | Fetching page: https://books.toscrape.com/catalogue/page-18.html
2026-10-07 17:47:31,158 | INFO | Successfully fetched https://books.toscrape.com/catalogue/page-18.html (status=200)
2026-10-07 17:47:31,721 | INFO | Books page 18: collected 20 records.
2026-10-07 17:47:31,722 | INFO | Books page 19: https://books.toscrape.com/catalogue/page-19.html
2026-10-07 17:47:31,722 | INFO | Fetching page: https://books.toscrape.com/catalogue/page-19.html
2026-10-07 17:47:32,447 | INFO | Successfully fetched https://books.toscrape.com/catalogue/page-19.html (status=200)
2026-10-07 17:47:33,006 | INFO | Books page 19: collected 20 records.
2026-10-07 17:47:33,008 | INFO | Books page 20: https://books.toscrape.com/catalogue/page-20.html
2026-10-07 17:47:33,008 | INFO | Fetching page: https://books.toscrape.com/catalogue/page-20.html
2026-10-07 17:47:33,802 | INFO | Successfully fetched https://books.toscrape.com/catalogue/page-20.html (status=200)
2026-10-07 17:47:34,332 | INFO | Books page 20: collected 20 records.
2026-10-07 17:47:34,335 | INFO | Books page 21: https://books.toscrape.com/catalogue/page-21.html
2026-10-07 17:47:34,335 | INFO | Fetching page: https://books.toscrape.com/catalogue/page-21.html
2026-10-07 17:47:35,131 | INFO | Successfully fetched https://books.toscrape.com/catalogue/page-21.html (status=200)
2026-10-07 17:47:35,657 | INFO | Books page 21: collected 20 records.
2026-10-07 17:47:35,661 | INFO | Books page 22: https://books.toscrape.com/catalogue/page-22.html
2026-10-07 17:47:35,668 | INFO | Fetching page: https://books.toscrape.com/catalogue/page-22.html
2026-10-07 17:47:36,563 | INFO | Successfully fetched https://books.toscrape.com/catalogue/page-22.html (status=200)
2026-10-07 17:47:37,097 | INFO | Books page 22: collected 20 records.
2026-10-07 17:47:37,110 | INFO | Books page 23: https://books.toscrape.com/catalogue/page-23.html
2026-10-07 17:47:37,110 | INFO | Fetching page: https://books.toscrape.com/catalogue/page-23.html
2026-10-07 17:47:37,901 | INFO | Successfully fetched https://books.toscrape.com/catalogue/page-23.html (status=200)
2026-10-07 17:47:38,433 | INFO | Books page 23: collected 20 records.
2026-10-07 17:47:38,436 | INFO | Books page 24: https://books.toscrape.com/catalogue/page-24.html
2026-10-07 17:47:38,436 | INFO | Fetching page: https://books.toscrape.com/catalogue/page-24.html
2026-10-07 17:47:39,370 | INFO | Successfully fetched https://books.toscrape.com/catalogue/page-24.html (status=200)
2026-10-07 17:47:39,903 | INFO | Books page 24: collected 20 records.
2026-10-07 17:47:39,905 | INFO | Books page 25: https://books.toscrape.com/catalogue/page-25.html
2026-10-07 17:47:39,905 | INFO | Fetching page: https://books.toscrape.com/catalogue/page-25.html
2026-10-07 17:47:40,654 | INFO | Successfully fetched https://books.toscrape.com/catalogue/page-25.html (status=200)
2026-10-07 17:47:41,206 | INFO | Books page 25: collected 20 records.
2026-10-07 17:47:41,210 | INFO | Books page 26: https://books.toscrape.com/catalogue/page-26.html
2026-10-07 17:47:41,210 | INFO | Fetching page: https://books.toscrape.com/catalogue/page-26.html
2026-10-07 17:47:41,999 | INFO | Successfully fetched https://books.toscrape.com/catalogue/page-26.html (status=200)
2026-10-07 17:47:42,531 | INFO | Books page 26: collected 20 records.
2026-10-07 17:47:42,531 | INFO | Books page 27: https://books.toscrape.com/catalogue/page-27.html
2026-10-07 17:47:42,540 | INFO | Fetching page: https://books.toscrape.com/catalogue/page-27.html
2026-10-07 17:47:43,682 | INFO | Successfully fetched https://books.toscrape.com/catalogue/page-27.html (status=200)
2026-10-07 17:47:44,223 | INFO | Books page 27: collected 20 records.
2026-10-07 17:47:44,227 | INFO | Books page 28: https://books.toscrape.com/catalogue/page-28.html
2026-10-07 17:47:44,227 | INFO | Fetching page: https://books.toscrape.com/catalogue/page-28.html
2026-10-07 17:47:45,989 | INFO | Successfully fetched https://books.toscrape.com/catalogue/page-28.html (status=200)
2026-10-07 17:47:46,514 | INFO | Books page 28: collected 20 records.
2026-10-07 17:47:46,580 | INFO | Books page 29: https://books.toscrape.com/catalogue/page-29.html
2026-10-07 17:47:46,582 | INFO | Fetching page: https://books.toscrape.com/catalogue/page-29.html
2026-10-07 17:47:47,522 | INFO | Successfully fetched https://books.toscrape.com/catalogue/page-29.html (status=200)
2026-10-07 17:47:48,070 | INFO | Books page 29: collected 20 records.
2026-10-07 17:47:48,072 | INFO | Books page 30: https://books.toscrape.com/catalogue/page-30.html
2026-10-07 17:47:48,072 | INFO | Fetching page: https://books.toscrape.com/catalogue/page-30.html
2026-10-07 17:47:48,857 | INFO | Successfully fetched https://books.toscrape.com/catalogue/page-30.html (status=200)
2026-10-07 17:47:49,401 | INFO | Books page 30: collected 20 records.
2026-10-07 17:47:49,401 | INFO | Books page 31: https://books.toscrape.com/catalogue/page-31.html
2026-10-07 17:47:49,401 | INFO | Fetching page: https://books.toscrape.com/catalogue/page-31.html
2026-10-07 17:47:50,690 | INFO | Successfully fetched https://books.toscrape.com/catalogue/page-31.html (status=200)
2026-10-07 17:47:51,230 | INFO | Books page 31: collected 20 records.
2026-10-07 17:47:51,230 | INFO | Books page 32: https://books.toscrape.com/catalogue/page-32.html
2026-10-07 17:47:51,230 | INFO | Fetching page: https://books.toscrape.com/catalogue/page-32.html
2026-10-07 17:47:52,516 | INFO | Successfully fetched https://books.toscrape.com/catalogue/page-32.html (status=200)
2026-10-07 17:47:53,051 | INFO | Books page 32: collected 20 records.
2026-10-07 17:47:53,054 | INFO | Books page 33: https://books.toscrape.com/catalogue/page-33.html
2026-10-07 17:47:53,056 | INFO | Fetching page: https://books.toscrape.com/catalogue/page-33.html
2026-10-07 17:47:54,486 | INFO | Successfully fetched https://books.toscrape.com/catalogue/page-33.html (status=200)
2026-10-07 17:47:55,012 | INFO | Books page 33: collected 20 records.
2026-10-07 17:47:55,020 | INFO | Books page 34: https://books.toscrape.com/catalogue/page-34.html
2026-10-07 17:47:55,022 | INFO | Fetching page: https://books.toscrape.com/catalogue/page-34.html
2026-10-07 17:47:56,230 | INFO | Successfully fetched https://books.toscrape.com/catalogue/page-34.html (status=200)
2026-10-07 17:47:56,764 | INFO | Books page 34: collected 20 records.
2026-10-07 17:47:56,774 | INFO | Books page 35: https://books.toscrape.com/catalogue/page-35.html
2026-10-07 17:47:56,774 | INFO | Fetching page: https://books.toscrape.com/catalogue/page-35.html
2026-10-07 17:47:57,521 | INFO | Successfully fetched https://books.toscrape.com/catalogue/page-35.html (status=200)
2026-10-07 17:47:58,063 | INFO | Books page 35: collected 20 records.
2026-10-07 17:47:58,070 | INFO | Books page 36: https://books.toscrape.com/catalogue/page-36.html
2026-10-07 17:47:58,070 | INFO | Fetching page: https://books.toscrape.com/catalogue/page-36.html
2026-10-07 17:47:58,882 | INFO | Successfully fetched https://books.toscrape.com/catalogue/page-36.html (status=200)
2026-10-07 17:47:59,431 | INFO | Books page 36: collected 20 records.
2026-10-07 17:47:59,431 | INFO | Books page 37: https://books.toscrape.com/catalogue/page-37.html
2026-10-07 17:47:59,431 | INFO | Fetching page: https://books.toscrape.com/catalogue/page-37.html
2026-10-07 17:47:59,918 | INFO | Successfully fetched https://books.toscrape.com/catalogue/page-37.html (status=200)
2026-10-07 17:48:00,534 | INFO | Books page 37: collected 20 records.
2026-10-07 17:48:00,534 | INFO | Books page 38: https://books.toscrape.com/catalogue/page-38.html
2026-10-07 17:48:00,534 | INFO | Fetching page: https://books.toscrape.com/catalogue/page-38.html
2026-10-07 17:48:01,555 | INFO | Successfully fetched https://books.toscrape.com/catalogue/page-38.html (status=200)
2026-10-07 17:48:02,106 | INFO | Books page 38: collected 20 records.
2026-10-07 17:48:02,111 | INFO | Books page 39: https://books.toscrape.com/catalogue/page-39.html
2026-10-07 17:48:02,111 | INFO | Fetching page: https://books.toscrape.com/catalogue/page-39.html
2026-10-07 17:48:03,133 | INFO | Successfully fetched https://books.toscrape.com/catalogue/page-39.html (status=200)
2026-10-07 17:48:03,698 | INFO | Books page 39: collected 20 records.
2026-10-07 17:48:03,700 | INFO | Books page 40: https://books.toscrape.com/catalogue/page-40.html
2026-10-07 17:48:03,700 | INFO | Fetching page: https://books.toscrape.com/catalogue/page-40.html
2026-10-07 17:48:04,834 | INFO | Successfully fetched https://books.toscrape.com/catalogue/page-40.html (status=200)
2026-10-07 17:48:05,402 | INFO | Books page 40: collected 20 records.
2026-10-07 17:48:05,404 | INFO | Books page 41: https://books.toscrape.com/catalogue/page-41.html
2026-10-07 17:48:05,404 | INFO | Fetching page: https://books.toscrape.com/catalogue/page-41.html
2026-10-07 17:48:06,417 | INFO | Successfully fetched https://books.toscrape.com/catalogue/page-41.html (status=200)
2026-10-07 17:48:06,968 | INFO | Books page 41: collected 20 records.
2026-10-07 17:48:06,972 | INFO | Books page 42: https://books.toscrape.com/catalogue/page-42.html
2026-10-07 17:48:06,972 | INFO | Fetching page: https://books.toscrape.com/catalogue/page-42.html
2026-10-07 17:48:08,104 | INFO | Successfully fetched https://books.toscrape.com/catalogue/page-42.html (status=200)
2026-10-07 17:48:08,655 | INFO | Books page 42: collected 20 records.
2026-10-07 17:48:08,658 | INFO | Books page 43: https://books.toscrape.com/catalogue/page-43.html
2026-10-07 17:48:08,658 | INFO | Fetching page: https://books.toscrape.com/catalogue/page-43.html
2026-10-07 17:48:09,946 | INFO | Successfully fetched https://books.toscrape.com/catalogue/page-43.html (status=200)
2026-10-07 17:48:10,494 | INFO | Books page 43: collected 20 records.
2026-10-07 17:48:10,498 | INFO | Books page 44: https://books.toscrape.com/catalogue/page-44.html
2026-10-07 17:48:10,498 | INFO | Fetching page: https://books.toscrape.com/catalogue/page-44.html
2026-10-07 17:48:11,794 | INFO | Successfully fetched https://books.toscrape.com/catalogue/page-44.html (status=200)
2026-10-07 17:48:12,318 | INFO | Books page 44: collected 20 records.
2026-10-07 17:48:12,320 | INFO | Books page 45: https://books.toscrape.com/catalogue/page-45.html
2026-10-07 17:48:12,322 | INFO | Fetching page: https://books.toscrape.com/catalogue/page-45.html
2026-10-07 17:48:13,475 | INFO | Successfully fetched https://books.toscrape.com/catalogue/page-45.html (status=200)
2026-10-07 17:48:14,004 | INFO | Books page 45: collected 20 records.
2026-10-07 17:48:14,006 | INFO | Books page 46: https://books.toscrape.com/catalogue/page-46.html
2026-10-07 17:48:14,008 | INFO | Fetching page: https://books.toscrape.com/catalogue/page-46.html
2026-10-07 17:48:15,579 | INFO | Successfully fetched https://books.toscrape.com/catalogue/page-46.html (status=200)
2026-10-07 17:48:16,110 | INFO | Books page 46: collected 20 records.
2026-10-07 17:48:16,116 | INFO | Books page 47: https://books.toscrape.com/catalogue/page-47.html
2026-10-07 17:48:16,116 | INFO | Fetching page: https://books.toscrape.com/catalogue/page-47.html
2026-10-07 17:48:17,081 | INFO | Successfully fetched https://books.toscrape.com/catalogue/page-47.html (status=200)
2026-10-07 17:48:17,615 | INFO | Books page 47: collected 20 records.
2026-10-07 17:48:17,615 | INFO | Books page 48: https://books.toscrape.com/catalogue/page-48.html
2026-10-07 17:48:17,615 | INFO | Fetching page: https://books.toscrape.com/catalogue/page-48.html
2026-10-07 17:48:18,959 | INFO | Successfully fetched https://books.toscrape.com/catalogue/page-48.html (status=200)
2026-10-07 17:48:19,483 | INFO | Books page 48: collected 20 records.
2026-10-07 17:48:19,491 | INFO | Books page 49: https://books.toscrape.com/catalogue/page-49.html
2026-10-07 17:48:19,491 | INFO | Fetching page: https://books.toscrape.com/catalogue/page-49.html
2026-10-07 17:48:21,009 | INFO | Successfully fetched https://books.toscrape.com/catalogue/page-49.html (status=200)
2026-10-07 17:48:21,531 | INFO | Books page 49: collected 20 records.
2026-10-07 17:48:21,533 | INFO | Books page 50: https://books.toscrape.com/catalogue/page-50.html
2026-10-07 17:48:21,533 | INFO | Fetching page: https://books.toscrape.com/catalogue/page-50.html
2026-10-07 17:48:22,772 | INFO | Successfully fetched https://books.toscrape.com/catalogue/page-50.html (status=200)
2026-10-07 17:48:23,323 | INFO | Books page 50: collected 20 records.
2026-10-07 17:48:23,326 | INFO | Books scraping completed. Total records: 1000
2026-10-07 17:48:23,326 | INFO | Books scraping finished: 1000 records.
2026-10-07 17:48:23,330 | INFO | Quotes page 1: https://quotes.toscrape.com/
2026-10-07 17:48:23,330 | INFO | Fetching page: https://quotes.toscrape.com/
2026-10-07 17:48:25,717 | INFO | Successfully fetched https://quotes.toscrape.com/ (status=200)
2026-10-07 17:48:26,230 | INFO | Quotes page 1: collected 10 records.
2026-10-07 17:48:26,230 | INFO | Quotes page 2: https://quotes.toscrape.com/page/2/
2026-10-07 17:48:26,230 | INFO | Fetching page: https://quotes.toscrape.com/page/2/
2026-10-07 17:48:27,051 | INFO | Successfully fetched https://quotes.toscrape.com/page/2/ (status=200)
2026-10-07 17:48:27,567 | INFO | Quotes page 2: collected 10 records.
2026-10-07 17:48:27,567 | INFO | Quotes page 3: https://quotes.toscrape.com/page/3/
2026-10-07 17:48:27,576 | INFO | Fetching page: https://quotes.toscrape.com/page/3/
2026-10-07 17:48:28,125 | INFO | Successfully fetched https://quotes.toscrape.com/page/3/ (status=200)
2026-10-07 17:48:28,637 | INFO | Quotes page 3: collected 10 records.
2026-10-07 17:48:28,637 | INFO | Quotes page 4: https://quotes.toscrape.com/page/4/
2026-10-07 17:48:28,637 | INFO | Fetching page: https://quotes.toscrape.com/page/4/
2026-10-07 17:48:29,138 | INFO | Successfully fetched https://quotes.toscrape.com/page/4/ (status=200)
2026-10-07 17:48:29,647 | INFO | Quotes page 4: collected 10 records.
2026-10-07 17:48:29,649 | INFO | Quotes page 5: https://quotes.toscrape.com/page/5/
2026-10-07 17:48:29,649 | INFO | Fetching page: https://quotes.toscrape.com/page/5/
2026-10-07 17:48:30,427 | INFO | Successfully fetched https://quotes.toscrape.com/page/5/ (status=200)
2026-10-07 17:48:30,941 | INFO | Quotes page 5: collected 10 records.
2026-10-07 17:48:30,943 | INFO | Quotes page 6: https://quotes.toscrape.com/page/6/
2026-10-07 17:48:30,945 | INFO | Fetching page: https://quotes.toscrape.com/page/6/
2026-10-07 17:48:31,360 | INFO | Successfully fetched https://quotes.toscrape.com/page/6/ (status=200)
2026-10-07 17:48:31,896 | INFO | Quotes page 6: collected 10 records.
2026-10-07 17:48:31,896 | INFO | Quotes page 7: https://quotes.toscrape.com/page/7/
2026-10-07 17:48:31,896 | INFO | Fetching page: https://quotes.toscrape.com/page/7/
2026-10-07 17:48:32,479 | INFO | Successfully fetched https://quotes.toscrape.com/page/7/ (status=200)
2026-10-07 17:48:32,983 | INFO | Quotes page 7: collected 10 records.
2026-10-07 17:48:32,983 | INFO | Quotes page 8: https://quotes.toscrape.com/page/8/
2026-10-07 17:48:32,983 | INFO | Fetching page: https://quotes.toscrape.com/page/8/
2026-10-07 17:48:33,399 | INFO | Successfully fetched https://quotes.toscrape.com/page/8/ (status=200)
2026-10-07 17:48:33,913 | INFO | Quotes page 8: collected 10 records.
2026-10-07 17:48:33,938 | INFO | Quotes page 9: https://quotes.toscrape.com/page/9/
2026-10-07 17:48:33,938 | INFO | Fetching page: https://quotes.toscrape.com/page/9/
2026-10-07 17:48:34,424 | INFO | Successfully fetched https://quotes.toscrape.com/page/9/ (status=200)
2026-10-07 17:48:34,935 | INFO | Quotes page 9: collected 10 records.
2026-10-07 17:48:34,935 | INFO | Quotes page 10: https://quotes.toscrape.com/page/10/
2026-10-07 17:48:34,935 | INFO | Fetching page: https://quotes.toscrape.com/page/10/
2026-10-07 17:48:35,438 | INFO | Successfully fetched https://quotes.toscrape.com/page/10/ (status=200)
2026-10-07 17:48:35,957 | INFO | Quotes page 10: collected 10 records.
2026-10-07 17:48:35,993 | INFO | Quotes scraping completed. Total records: 100
2026-10-07 17:48:35,993 | INFO | Quotes scraping finished: 100 records.
2026-10-07 17:48:35,995 | INFO | Total raw records: 1100
2026-10-07 17:48:36,042 | INFO | Valid records: 1100
2026-10-07 17:48:36,042 | INFO | Rejected records: 0
2026-10-07 17:48:36,042 | INFO | Duplicates removed: 1
2026-10-07 17:48:36,042 | INFO | Final records: 1099
2026-10-07 17:48:36,055 | INFO | Final dataset written to: C:\Users\bande\scraping_assignment\output\final_dataset.csv
2026-10-07 17:48:36,059 | INFO | Summary report written to: C:\Users\bande\scraping_assignment\output\summary_report.json
2026-10-07 17:48:36,066 | INFO | Scraping pipeline completed.
